// Jest Snapshot v1, https://goo.gl/fbAQLP

exports[`TopBar should render correctly 1`] = `
<nav
  className="sc-bdvvtL figgNX"
>
  <img
    alt="logo"
    className="sc-gsDKAQ lfkiim"
    src=""
  />
  <img
    alt="menu"
    className="sc-gsDKAQ eMyjrx"
    onClick={[Function]}
    src=""
  />
</nav>
`;
